#-----------------------------------------------------------
# Vivado v2017.1 (64-bit)
# SW Build 1846317 on Fri Apr 14 18:55:03 MDT 2017
# IP Build 1846188 on Fri Apr 14 20:52:08 MDT 2017
# Start of session at: Wed Jul 26 08:33:21 2017
# Process ID: 22208
# Current directory: E:/HITCS/exp5/cpu_artix
# Command line: vivado.exe -gui_launcher_event rodinguilauncherevent12236 E:\HITCS\exp5\cpu_artix\cpu.xpr
# Log file: E:/HITCS/exp5/cpu_artix/vivado.log
# Journal file: E:/HITCS/exp5/cpu_artix\vivado.jou
#-----------------------------------------------------------
start_gui
open_project E:/HITCS/exp5/cpu_artix/cpu.xpr
open_hw
connect_hw_server
open_hw_target
set_property PROGRAM.FILE {E:/HITCS/exp5/cpu_artix/cpu.runs/impl_1/cpu.bit} [get_hw_devices xc7a100t_0]
current_hw_device [get_hw_devices xc7a100t_0]
refresh_hw_device -update_hw_probes false [lindex [get_hw_devices xc7a100t_0] 0]
create_hw_cfgmem -hw_device [lindex [get_hw_devices] 0] -mem_dev [lindex [get_cfgmem_parts {28f00am29ew-bpi-x8}] 0]
set_property PROBES.FILE {} [get_hw_devices xc7a100t_0]
set_property FULL_PROBES.FILE {} [get_hw_devices xc7a100t_0]
set_property PROGRAM.FILE {E:/HITCS/exp5/cpu_artix/cpu.runs/impl_1/cpu.bit} [get_hw_devices xc7a100t_0]
program_hw_devices [get_hw_devices xc7a100t_0]
refresh_hw_device [lindex [get_hw_devices xc7a100t_0] 0]
