#-----------------------------------------------------------
# Vivado v2017.1 (64-bit)
# SW Build 1846317 on Fri Apr 14 18:55:03 MDT 2017
# IP Build 1846188 on Fri Apr 14 20:52:08 MDT 2017
# Start of session at: Sat Jun 24 10:52:19 2017
# Process ID: 18576
# Current directory: C:/Users/Yukun Ma/Desktop/exp3/control_unit
# Command line: vivado.exe -gui_launcher_event rodinguilauncherevent13408 C:\Users\Yukun Ma\Desktop\exp3\control_unit\control_unit.xpr
# Log file: C:/Users/Yukun Ma/Desktop/exp3/control_unit/vivado.log
# Journal file: C:/Users/Yukun Ma/Desktop/exp3/control_unit\vivado.jou
#-----------------------------------------------------------
start_gui
open_project {C:/Users/Yukun Ma/Desktop/exp3/control_unit/control_unit.xpr}
reset_run synth_1
launch_runs synth_1 -jobs 8
wait_on_run synth_1
reset_run synth_1
launch_runs synth_1 -jobs 8
wait_on_run synth_1
launch_runs impl_1 -jobs 8
wait_on_run impl_1
open_run synth_1 -name synth_1
launch_runs impl_1 -to_step write_bitstream -jobs 8
wait_on_run impl_1
close_design
open_run impl_1
open_run synth_1 -name synth_1
report_drc -name drc_1 -ruledecks {default}
report_utilization -name utilization_1
report_drc -name drc_2 -ruledecks {default}
report_methodology -name ultrafast_methodology_1 -checks {PDRC-204 PDRC-190 TIMING-39 TIMING-38 TIMING-37 TIMING-36 TIMING-35 TIMING-34 TIMING-33 TIMING-32 TIMING-31 TIMING-30 TIMING-29 TIMING-28 TIMING-27 TIMING-26 TIMING-25 TIMING-24 TIMING-23 TIMING-22 TIMING-21 TIMING-20 TIMING-19 TIMING-18 TIMING-17 TIMING-16 TIMING-15 TIMING-14 TIMING-13 TIMING-12 TIMING-11 TIMING-10 TIMING-9 TIMING-8 TIMING-7 TIMING-6 TIMING-5 TIMING-4 TIMING-3 TIMING-2 TIMING-1 XDCV-2 XDCV-1 XDCH-2 XDCH-1 XDCC-8 XDCC-7 XDCC-6 XDCC-5 XDCC-4 XDCC-3 XDCC-2 XDCC-1 XDCB-5 XDCB-4 XDCB-3 XDCB-2 XDCB-1 CLKC-53 CLKC-9 CLKC-5 CLKC-38 CLKC-37 CLKC-36 CLKC-35 CLKC-4 CLKC-18 CLKC-3 CLKC-2 CLKC-1 HPDR-1 CKLD-2 CKLD-1 CKBF-1 SYNTH-14 SYNTH-13 SYNTH-12 SYNTH-11 SYNTH-10 SYNTH-9 SYNTH-16 SYNTH-15 SYNTH-6 SYNTH-5 SYNTH-4}
report_clock_networks -name {network_1}
report_clock_interaction -delay_type min_max -significant_digits 3 -name timing_1
refresh_design
launch_simulation
launch_simulation
open_wave_config C:/Users/Yukun
open_wave_config Ma/Desktop/exp3/control_unit/tb_cu_behav.wcfg
source tb_cu.tcl
add_wave {{/tb_cu/m_perform/M0}} 
add_wave {{/tb_cu/m_perform/M1}} 
add_wave {{/tb_cu/m_perform/M2}} 
add_wave {{/tb_cu/m_perform/T0}} 
add_wave {{/tb_cu/m_perform/T1}} 
add_wave {{/tb_cu/m_perform/T2}} 
add_wave {{/tb_cu/m_perform/MI}} 
add_wave {{/tb_cu/m_perform/INS}} 
remove_forces { {/tb_cu/an} {/tb_cu/seg} {/tb_cu/led} {/tb_cu/clk} }
add_wave {{/tb_cu/m_perform/manual_clk}} 
restart
run all
add_wave {{/tb_cu/m_perform/T}} 
run 10 us
restart
run all
restart
run all
save_wave_config {C:/Users/Yukun Ma/Desktop/exp3/control_unit/tb_cu_behav1.wcfg}
add_files -fileset sim_1 -norecurse {{C:/Users/Yukun Ma/Desktop/exp3/control_unit/tb_cu_behav1.wcfg}}
set_property xsim.view {{C:/Users/Yukun Ma/Desktop/exp3/control_unit/tb_cu_behav.wcfg} {C:/Users/Yukun Ma/Desktop/exp3/control_unit/tb_cu_behav1.wcfg}} [get_filesets sim_1]
close_sim
launch_simulation
open_wave_config C:/Users/Yukun
open_wave_config Ma/Desktop/exp3/control_unit/tb_cu_behav.wcfg
open_wave_config C:/Users/Yukun
open_wave_config Ma/Desktop/exp3/control_unit/tb_cu_behav1.wcfg
source tb_cu.tcl
add_wave {{/tb_cu/m_perform/manual_clk}} 
relaunch_sim
add_wave {{/tb_cu/m_perform/M1}} 
add_wave {{/tb_cu/m_perform/M2}} 
add_wave {{/tb_cu/m_perform/T0}} 
add_wave {{/tb_cu/m_perform/T1}} 
add_wave {{/tb_cu/m_perform/T2}} 
add_wave {{/tb_cu/m_perform/M0}} 
add_wave {{/tb_cu/m_perform/I}} 
add_wave {{/tb_cu/m_perform/IND}} 
add_wave {{/tb_cu/m_perform/INS}} 
add_wave {{/tb_cu/m_perform/MI}} 
relaunch_sim
relaunch_sim
save_wave_config {C:/Users/Yukun Ma/Desktop/exp3/control_unit/tb_cu_behav.wcfg}
add_files -fileset sim_1 -norecurse {{C:/Users/Yukun Ma/Desktop/exp3/control_unit/tb_cu_behav.wcfg}}
set_property xsim.view {{C:/Users/Yukun Ma/Desktop/exp3/control_unit/tb_cu_behav.wcfg} {C:/Users/Yukun Ma/Desktop/exp3/control_unit/tb_cu_behav1.wcfg} {C:/Users/Yukun Ma/Desktop/exp3/control_unit/tb_cu_behav.wcfg}} [get_filesets sim_1]
close_sim
