#-----------------------------------------------------------
# Webtalk v2017.1 (64-bit)
# SW Build 1846317 on Fri Apr 14 18:55:03 MDT 2017
# IP Build 1846188 on Fri Apr 14 20:52:08 MDT 2017
# Start of session at: Sat Jun 17 13:39:11 2017
# Process ID: 14836
# Current directory: E:/principles-of-computer-organization/exp3/control_unit/control_unit.sim/sim_1/synth/timing
# Command line: wbtcv.exe -mode batch -source E:/principles-of-computer-organization/exp3/control_unit/control_unit.sim/sim_1/synth/timing/xsim.dir/tb_cu_time_synth/webtalk/xsim_webtalk.tcl -notrace
# Log file: E:/principles-of-computer-organization/exp3/control_unit/control_unit.sim/sim_1/synth/timing/webtalk.log
# Journal file: E:/principles-of-computer-organization/exp3/control_unit/control_unit.sim/sim_1/synth/timing\webtalk.jou
#-----------------------------------------------------------
source E:/principles-of-computer-organization/exp3/control_unit/control_unit.sim/sim_1/synth/timing/xsim.dir/tb_cu_time_synth/webtalk/xsim_webtalk.tcl -notrace
